≡ƒÜÇ Testing upload for: How to Apply for Jobs Using AI (Live Resume & Application Tutorial)
node : Γ¥î Error Message: 
Request failed with status 
code 400
At line:1 char:1
+ node test-upload.js > 
test_output.txt 2>&1
+ ~~~~~~~~~~~~~~~~~~~~~~~~~~~~
~~~~~~~~~~~~~~
    + CategoryInfo          : 
NotSpecified: (Γ¥î Error 
Messa...status code 
400:String) [], 
RemoteException
    + FullyQualifiedErrorId : 
NativeCommandError
 
Γ¥î Error Status: 400
Γ¥î Error Data: {
  "statusCode": 400,
  "message": [
    "property additionalInfo 
should not exist",
    "property theme should 
not exist",
    "property fromPrice 
should not exist",
    "property ticketCurrency 
should not exist",
    "property isDraft should 
not exist",
    "property isFree should 
not exist",
    "property isDeleted 
should not exist",
    "property 
isCreatedByVerifiedUser 
should not exist",
    "property recievePayment 
should not exist",
    "property creatorId 
should not exist",
    "property features should 
not exist",
    "property categoryIds 
should not exist",
    "eventDetails.categoryIds 
must be an array",
    "ticket_currency must be 
one of the following values: 
USD, NOK, DKK, SEK",
    "ticket_currency should 
not be empty"
  ],
  "error": "Bad Request"
}
